// Jest Snapshot v1, https://goo.gl/fbAQLP

exports[`Routes Navigation 1`] = `
<RNCSafeAreaProvider
  onInsetsChange={[Function]}
  style={
    Array [
      Object {
        "flex": 1,
      },
      undefined,
    ]
  }
>
  <RNSScreenStack
    style={
      Object {
        "flex": 1,
      }
    }
  >
    <RNSScreen
      collapsable={false}
      forwardedRef={[Function]}
      onAppear={[Function]}
      onDisappear={[Function]}
      onDismissed={[Function]}
      onTransitionProgress={[Function]}
      onWillDisappear={[Function]}
      replaceAnimation="push"
      stackPresentation="push"
      style={
        Object {
          "bottom": 0,
          "left": 0,
          "position": "absolute",
          "right": 0,
          "top": 0,
        }
      }
    >
      <RNSScreenStackHeaderConfig
        backButtonInCustomView={false}
        backgroundColor="rgb(255, 255, 255)"
        color="rgb(0, 122, 255)"
        direction="ltr"
        disableBackButtonMenu={false}
        hidden={true}
        hideBackButton={false}
        largeTitleHideShadow={false}
        title="Home"
        titleColor="rgb(28, 28, 30)"
        topInsetEnabled={false}
        translucent={false}
      />
      <View
        style={
          Array [
            Object {
              "flex": 1,
            },
            Object {
              "backgroundColor": "rgb(242, 242, 242)",
            },
            undefined,
          ]
        }
      >
        <RCTScrollView
          style={
            Object {
              "backgroundColor": "#282828",
              "height": "100%",
              "paddingHorizontal": 16,
              "paddingTop": 72,
            }
          }
        >
          <View>
            <View
              style={
                Object {
                  "alignItems": "center",
                  "backgroundColor": "rgba(142, 142, 147, 0.12)",
                  "borderRadius": 10,
                  "display": "flex",
                  "flexDirection": "row",
                  "height": 36,
                  "paddingLeft": 8,
                  "paddingVertical": 0,
                  "width": "100%",
                }
              }
            >
              < />
              <TextInput
                placeholder="What do you want to eat?"
                placeholderTextColor="#ffffff"
                style={
                  Object {
                    "color": "#fff",
                    "flex": 1,
                    "fontSize": 17,
                    "height": "100%",
                    "lineHeight": 20,
                    "paddingLeft": 8,
                    "paddingVertical": 0,
                  }
                }
              />
              <View
                accessible={true}
                collapsable={false}
                focusable={false}
                onClick={[Function]}
                onResponderGrant={[Function]}
                onResponderMove={[Function]}
                onResponderRelease={[Function]}
                onResponderTerminate={[Function]}
                onResponderTerminationRequest={[Function]}
                onStartShouldSetResponder={[Function]}
                style={
                  Object {
                    "opacity": 1,
                    "padding": 10,
                  }
                }
              >
                < />
              </View>
            </View>
            <View
              accessible={true}
              collapsable={false}
              focusable={true}
              onClick={[Function]}
              onResponderGrant={[Function]}
              onResponderMove={[Function]}
              onResponderRelease={[Function]}
              onResponderTerminate={[Function]}
              onResponderTerminationRequest={[Function]}
              onStartShouldSetResponder={[Function]}
              style={
                Object {
                  "alignItems": "center",
                  "display": "flex",
                  "flexDirection": "row",
                  "height": 36,
                  "marginBottom": 18,
                  "marginTop": 22,
                  "opacity": 1,
                  "width": 142,
                }
              }
            >
              <View
                style={
                  Object {
                    "alignItems": "center",
                    "backgroundColor": "#4422C5",
                    "borderRadius": 40,
                    "display": "flex",
                    "height": 36,
                    "justifyContent": "center",
                    "width": 36,
                  }
                }
              >
                < />
              </View>
              <Text
                style={
                  Object {
                    "color": "#ffffff",
                    "fontSize": 15,
                    "lineHeight": 18,
                    "marginLeft": 14,
                  }
                }
              >
                Normal Mode
              </Text>
            </View>
            <View>
              <Text
                style={
                  Object {
                    "color": "#f91a81",
                    "fontSize": 21,
                    "marginBottom": 18.48,
                  }
                }
              >
                TRENDING
              </Text>
              <RCTScrollView
                horizontal={true}
              >
                <View>
                  <View
                    accessible={true}
                    collapsable={false}
                    focusable={true}
                    onClick={[Function]}
                    onResponderGrant={[Function]}
                    onResponderMove={[Function]}
                    onResponderRelease={[Function]}
                    onResponderTerminate={[Function]}
                    onResponderTerminationRequest={[Function]}
                    onStartShouldSetResponder={[Function]}
                    style={
                      Object {
                        "height": 160,
                        "marginRight": 21.5,
                        "opacity": 1,
                        "width": 110,
                      }
                    }
                  >
                    <Image
                      source={
                        Object {
                          "uri": "https://img.bestrecipes.com.au/f4jy177E/w643-h428-cfill-q90/br/2020/11/beef-stew-960642-2.jpg",
                        }
                      }
                      style={
                        Object {
                          "borderRadius": 10,
                          "height": 110,
                          "width": 110,
                        }
                      }
                    />
                    <Text
                      style={
                        Object {
                          "color": "#ffffff",
                          "fontSize": 14,
                          "marginTop": 13.8,
                        }
                      }
                    >
                      Beef stew
                    </Text>
                  </View>
                  <View
                    accessible={true}
                    collapsable={false}
                    focusable={true}
                    onClick={[Function]}
                    onResponderGrant={[Function]}
                    onResponderMove={[Function]}
                    onResponderRelease={[Function]}
                    onResponderTerminate={[Function]}
                    onResponderTerminationRequest={[Function]}
                    onStartShouldSetResponder={[Function]}
                    style={
                      Object {
                        "height": 160,
                        "marginRight": 21.5,
                        "opacity": 1,
                        "width": 110,
                      }
                    }
                  >
                    <Image
                      source={
                        Object {
                          "uri": "https://w6h5a5r4.rocketcdn.me/wp-content/uploads/2019/05/espaguetis-a-la-bolonesa-1080x671.jpg",
                        }
                      }
                      style={
                        Object {
                          "borderRadius": 10,
                          "height": 110,
                          "width": 110,
                        }
                      }
                    />
                    <Text
                      style={
                        Object {
                          "color": "#ffffff",
                          "fontSize": 14,
                          "marginTop": 13.8,
                        }
                      }
                    >
                      Spaghetti Bolognese
                    </Text>
                  </View>
                  <View
                    accessible={true}
                    collapsable={false}
                    focusable={true}
                    onClick={[Function]}
                    onResponderGrant={[Function]}
                    onResponderMove={[Function]}
                    onResponderRelease={[Function]}
                    onResponderTerminate={[Function]}
                    onResponderTerminationRequest={[Function]}
                    onStartShouldSetResponder={[Function]}
                    style={
                      Object {
                        "height": 160,
                        "marginRight": 21.5,
                        "opacity": 1,
                        "width": 110,
                      }
                    }
                  >
                    <Image
                      source={
                        Object {
                          "uri": "https://images.aws.nestle.recipes/resized/57bb23531c3f01075d66db6daee4e535_CREMA_DE_BROCOLI_1200_600.jpg",
                        }
                      }
                      style={
                        Object {
                          "borderRadius": 10,
                          "height": 110,
                          "width": 110,
                        }
                      }
                    />
                    <Text
                      style={
                        Object {
                          "color": "#ffffff",
                          "fontSize": 14,
                          "marginTop": 13.8,
                        }
                      }
                    >
                      Cream of broccoli
                    </Text>
                  </View>
                  <View
                    accessible={true}
                    collapsable={false}
                    focusable={true}
                    onClick={[Function]}
                    onResponderGrant={[Function]}
                    onResponderMove={[Function]}
                    onResponderRelease={[Function]}
                    onResponderTerminate={[Function]}
                    onResponderTerminationRequest={[Function]}
                    onStartShouldSetResponder={[Function]}
                    style={
                      Object {
                        "height": 160,
                        "opacity": 1,
                        "width": 110,
                      }
                    }
                  >
                    <Image
                      source={
                        Object {
                          "uri": "https://www.elespectador.com/resizer/yIEnsMpz3-O4q0bIPVeu3e7zCeM=/920x613/filters:format(jpeg)/cloudfront-us-east-1.images.arcpublishing.com/elespectador/ORYS2WQ4XZHSHLVJ7E7PUZSOV4.jpg",
                        }
                      }
                      style={
                        Object {
                          "borderRadius": 10,
                          "height": 110,
                          "width": 110,
                        }
                      }
                    />
                    <Text
                      style={
                        Object {
                          "color": "#ffffff",
                          "fontSize": 14,
                          "marginTop": 13.8,
                        }
                      }
                    >
                      Pancakes
                    </Text>
                  </View>
                </View>
              </RCTScrollView>
            </View>
            <View
              style={
                Object {
                  "height": 25,
                }
              }
            />
            <View>
              <Text
                style={
                  Object {
                    "color": "#f91a81",
                    "fontSize": 21,
                    "marginBottom": 18.48,
                  }
                }
              >
                RECENT
              </Text>
              <RCTScrollView
                horizontal={true}
              >
                <View />
              </RCTScrollView>
            </View>
          </View>
        </RCTScrollView>
      </View>
    </RNSScreen>
  </RNSScreenStack>
</RNCSafeAreaProvider>
`;
